// Jest Snapshot v1, https://goo.gl/fbAQLP

exports[`Loader should render correctly 1`] = `
<div
  class="sc-bdVaJa khUSez"
>
  <div
    class="sc-bwzfXH kxxnux"
  />
</div>
`;
